// Jest Snapshot v1, https://goo.gl/fbAQLP

exports[`>>>> NotConnected - REACT-REDUX (Shallow + passing the {store} directly Snapshot 1`] = `
<Connect(Container)
  center={true}
  testID="homeNotConnected"
>
  <View>
    <Logo
      sm={false}
      source={null}
      testID="homeNotConnectedLogo"
    />
    <Button
      full={true}
      iconName={null}
      iconType={null}
      label={null}
      onPress={[Function]}
      style={
        Object {
          "margin": 16,
        }
      }
      testID="homeNotConnectedLoginButton"
    />
    <Button
      full={true}
      iconName={null}
      iconType={null}
      label={null}
      onPress={[Function]}
      style={
        Object {
          "margin": 16,
        }
      }
      testID="homeNotConnectedSignUpButton"
    />
  </View>
</Connect(Container)>
`;
