// Jest Snapshot v1, https://goo.gl/fbAQLP

exports[`renders correctly 1`] = `
<View
  style={
    Object {
      "backgroundColor": "#fff",
      "borderBottomWidth": 0.5,
      "borderColor": "#ccc",
      "borderLeftWidth": 0.5,
      "borderRadius": 2,
      "borderRightWidth": 0.5,
      "borderTopWidth": 0.5,
      "elevation": 3,
      "flexWrap": "nowrap",
      "marginBottom": 5,
      "marginLeft": 2,
      "marginRight": 2,
      "marginTop": 5,
      "shadowColor": "#000",
      "shadowOffset": Object {
        "height": 2,
        "width": 0,
      },
      "shadowOpacity": 0.1,
      "shadowRadius": 1.5,
    }
  }
>
  Snapshot test with Card Component!
</View>
`;
